[0m11:17:36.101748 [debug] [MainThread]: Sending event: {'category': 'dbt', 'action': 'invocation', 'label': 'start', 'context': [<snowplow_tracker.self_describing_json.SelfDescribingJson object at 0x10de05280>, <snowplow_tracker.self_describing_json.SelfDescribingJson object at 0x10f61cc50>, <snowplow_tracker.self_describing_json.SelfDescribingJson object at 0x10f61c920>]}


============================== 11:17:36.115076 | 8f00c79d-7381-43b4-a70d-23d705ff9e62 ==============================
[0m11:17:36.115076 [info ] [MainThread]: Running with dbt=1.11.6
[0m11:17:36.116618 [debug] [MainThread]: running dbt with arguments {'warn_error': 'None', 'use_colors': 'True', 'write_json': 'True', 'empty': 'None', 'cache_selected_only': 'False', 'debug': 'False', 'static_parser': 'True', 'log_path': 'logs', 'send_anonymous_usage_stats': 'True', 'log_cache_events': 'False', 'fail_fast': 'False', 'log_format': 'default', 'use_experimental_parser': 'False', 'introspect': 'True', 'indirect_selection': 'eager', 'no_print': 'None', 'warn_error_options': 'WarnErrorOptionsV2(error=[], warn=[], silence=[])', 'invocation_command': 'dbt init', 'version_check': 'True', 'quiet': 'False', 'profiles_dir': '/Users/samykhebbeb/.dbt', 'printer_width': '80', 'target_path': 'None', 'partial_parse': 'True'}
[0m11:17:36.158535 [info ] [MainThread]: Creating dbt configuration folder at /Users/samykhebbeb/.dbt
[0m11:18:59.706719 [debug] [MainThread]: Starter project path: /Users/samykhebbeb/github_analytics/.venv/lib/python3.12/site-packages/dbt/include/starter_project
[0m11:18:59.730613 [info ] [MainThread]: 
Your new dbt project "github_analytics" was created!

For more information on how to configure the profiles.yml file,
please consult the dbt documentation here:

  https://docs.getdbt.com/docs/configure-your-profile

One more thing:

Need help? Don't hesitate to reach out to us via GitHub issues or on Slack:

  https://community.getdbt.com/

Happy modeling!

[0m11:18:59.731634 [info ] [MainThread]: Setting up your profile.
[0m11:19:08.878408 [info ] [MainThread]: Profile github_analytics written to /Users/samykhebbeb/.dbt/profiles.yml using target's sample configuration. Once updated, you'll be able to start developing with dbt.
[0m11:19:09.370699 [debug] [MainThread]: Resource report: {"command_name": "init", "command_success": true, "command_wall_clock_time": 93.46293, "process_in_blocks": "0", "process_kernel_time": 0.515545, "process_mem_max_rss": "107933696", "process_out_blocks": "0", "process_user_time": 2.872039}
[0m11:19:09.372202 [debug] [MainThread]: Command `dbt init` succeeded at 11:19:09.371915 after 93.47 seconds
[0m11:19:09.373033 [debug] [MainThread]: Sending event: {'category': 'dbt', 'action': 'invocation', 'label': 'end', 'context': [<snowplow_tracker.self_describing_json.SelfDescribingJson object at 0x10f19aea0>, <snowplow_tracker.self_describing_json.SelfDescribingJson object at 0x10f62e960>, <snowplow_tracker.self_describing_json.SelfDescribingJson object at 0x10f700530>]}
[0m11:19:09.373812 [debug] [MainThread]: Flushing usage events
[0m11:19:10.106229 [debug] [MainThread]: An error was encountered while trying to flush usage events
[0m11:24:45.214082 [debug] [MainThread]: Sending event: {'category': 'dbt', 'action': 'invocation', 'label': 'start', 'context': [<snowplow_tracker.self_describing_json.SelfDescribingJson object at 0x1036161b0>, <snowplow_tracker.self_describing_json.SelfDescribingJson object at 0x103a74bf0>, <snowplow_tracker.self_describing_json.SelfDescribingJson object at 0x105290920>]}


============================== 11:24:45.223577 | f9281e6f-92d3-4240-9410-79a58df0923f ==============================
[0m11:24:45.223577 [info ] [MainThread]: Running with dbt=1.11.6
[0m11:24:45.224971 [debug] [MainThread]: running dbt with arguments {'log_path': 'logs', 'introspect': 'True', 'indirect_selection': 'eager', 'use_experimental_parser': 'False', 'printer_width': '80', 'log_format': 'default', 'profiles_dir': '/Users/samykhebbeb/.dbt', 'cache_selected_only': 'False', 'debug': 'False', 'log_cache_events': 'False', 'write_json': 'True', 'version_check': 'True', 'use_colors': 'True', 'warn_error': 'None', 'static_parser': 'True', 'fail_fast': 'False', 'empty': 'None', 'quiet': 'False', 'warn_error_options': 'WarnErrorOptionsV2(error=[], warn=[], silence=[])', 'partial_parse': 'True', 'no_print': 'None', 'send_anonymous_usage_stats': 'True', 'target_path': 'None', 'invocation_command': 'dbt debug'}
[0m11:24:45.266353 [info ] [MainThread]: dbt version: 1.11.6
[0m11:24:45.267371 [info ] [MainThread]: python version: 3.12.0
[0m11:24:45.268410 [info ] [MainThread]: python path: /Users/samykhebbeb/github_analytics/.venv/bin/python3.12
[0m11:24:45.269334 [info ] [MainThread]: os info: macOS-14.8.3-x86_64-i386-64bit
[0m11:24:45.271955 [info ] [MainThread]: target not specified in profile 'target', using 'default'
[0m11:24:45.274785 [info ] [MainThread]: target not specified in profile 'type', using 'default'
[0m11:24:45.276668 [info ] [MainThread]: target not specified in profile 'path', using 'default'
[0m11:24:45.278098 [error] [MainThread]: Encountered an error:
argument of type 'int' is not iterable
[0m11:24:45.292021 [error] [MainThread]: Traceback (most recent call last):
  File "/Users/samykhebbeb/github_analytics/.venv/lib/python3.12/site-packages/dbt/cli/requires.py", line 182, in wrapper
    result, success = func(*args, **kwargs)
                      ^^^^^^^^^^^^^^^^^^^^^
  File "/Users/samykhebbeb/github_analytics/.venv/lib/python3.12/site-packages/dbt/cli/requires.py", line 128, in wrapper
    return func(*args, **kwargs)
           ^^^^^^^^^^^^^^^^^^^^^
  File "/Users/samykhebbeb/github_analytics/.venv/lib/python3.12/site-packages/dbt/cli/main.py", line 420, in debug
    results = task.run()
              ^^^^^^^^^^
  File "/Users/samykhebbeb/github_analytics/.venv/lib/python3.12/site-packages/dbt/task/debug.py", line 114, in run
    load_profile_status: SubtaskStatus = self._load_profile()
                                         ^^^^^^^^^^^^^^^^^^^^
  File "/Users/samykhebbeb/github_analytics/.venv/lib/python3.12/site-packages/dbt/task/debug.py", line 205, in _load_profile
    profile: Profile = Profile.render(
                       ^^^^^^^^^^^^^^^
  File "/Users/samykhebbeb/github_analytics/.venv/lib/python3.12/site-packages/dbt/config/profile.py", line 404, in render
    return cls.from_raw_profiles(
           ^^^^^^^^^^^^^^^^^^^^^^
  File "/Users/samykhebbeb/github_analytics/.venv/lib/python3.12/site-packages/dbt/config/profile.py", line 370, in from_raw_profiles
    return cls.from_raw_profile_info(
           ^^^^^^^^^^^^^^^^^^^^^^^^^^
  File "/Users/samykhebbeb/github_analytics/.venv/lib/python3.12/site-packages/dbt/config/profile.py", line 316, in from_raw_profile_info
    target_name, profile_data = cls.render_profile(
                                ^^^^^^^^^^^^^^^^^^^
  File "/Users/samykhebbeb/github_analytics/.venv/lib/python3.12/site-packages/dbt/config/profile.py", line 275, in render_profile
    elif "target" in raw_profile:
         ^^^^^^^^^^^^^^^^^^^^^^^
TypeError: argument of type 'int' is not iterable

[0m11:24:45.302030 [debug] [MainThread]: Resource report: {"command_name": "debug", "command_success": false, "command_wall_clock_time": 0.19842754, "process_in_blocks": "0", "process_kernel_time": 0.666431, "process_mem_max_rss": "97562624", "process_out_blocks": "0", "process_user_time": 2.710266}
[0m11:24:45.303956 [debug] [MainThread]: Command `dbt debug` failed at 11:24:45.303657 after 0.20 seconds
[0m11:24:45.304828 [debug] [MainThread]: Sending event: {'category': 'dbt', 'action': 'invocation', 'label': 'end', 'context': [<snowplow_tracker.self_describing_json.SelfDescribingJson object at 0x103a74bf0>, <snowplow_tracker.self_describing_json.SelfDescribingJson object at 0x1047c9be0>, <snowplow_tracker.self_describing_json.SelfDescribingJson object at 0x105205190>]}
[0m11:24:45.305678 [debug] [MainThread]: Flushing usage events
[0m11:24:45.911951 [debug] [MainThread]: An error was encountered while trying to flush usage events
[0m11:25:58.341033 [debug] [MainThread]: Sending event: {'category': 'dbt', 'action': 'invocation', 'label': 'start', 'context': [<snowplow_tracker.self_describing_json.SelfDescribingJson object at 0x10a118740>, <snowplow_tracker.self_describing_json.SelfDescribingJson object at 0x10b108bf0>, <snowplow_tracker.self_describing_json.SelfDescribingJson object at 0x10b1088c0>]}


============================== 11:25:58.351363 | 6e545334-e9da-41ee-91b8-09e79c1d3669 ==============================
[0m11:25:58.351363 [info ] [MainThread]: Running with dbt=1.11.6
[0m11:25:58.352715 [debug] [MainThread]: running dbt with arguments {'introspect': 'True', 'use_colors': 'True', 'invocation_command': 'dbt debug', 'warn_error_options': 'WarnErrorOptionsV2(error=[], warn=[], silence=[])', 'version_check': 'True', 'use_experimental_parser': 'False', 'debug': 'False', 'profiles_dir': '/Users/samykhebbeb/.dbt', 'quiet': 'False', 'cache_selected_only': 'False', 'no_print': 'None', 'static_parser': 'True', 'send_anonymous_usage_stats': 'True', 'warn_error': 'None', 'log_cache_events': 'False', 'write_json': 'True', 'empty': 'None', 'log_path': 'logs', 'log_format': 'default', 'partial_parse': 'True', 'fail_fast': 'False', 'printer_width': '80', 'target_path': 'None', 'indirect_selection': 'eager'}
[0m11:25:58.390910 [info ] [MainThread]: dbt version: 1.11.6
[0m11:25:58.392066 [info ] [MainThread]: python version: 3.12.0
[0m11:25:58.393414 [info ] [MainThread]: python path: /Users/samykhebbeb/github_analytics/.venv/bin/python3.12
[0m11:25:58.394294 [info ] [MainThread]: os info: macOS-14.8.3-x86_64-i386-64bit
[0m11:25:58.398111 [info ] [MainThread]: target not specified in profile 'target', using 'default'
[0m11:25:58.401506 [info ] [MainThread]: target not specified in profile 'type', using 'default'
[0m11:25:58.403428 [info ] [MainThread]: target not specified in profile 'path', using 'default'
[0m11:25:58.408939 [error] [MainThread]: Encountered an error:
argument of type 'int' is not iterable
[0m11:25:58.426046 [error] [MainThread]: Traceback (most recent call last):
  File "/Users/samykhebbeb/github_analytics/.venv/lib/python3.12/site-packages/dbt/cli/requires.py", line 182, in wrapper
    result, success = func(*args, **kwargs)
                      ^^^^^^^^^^^^^^^^^^^^^
  File "/Users/samykhebbeb/github_analytics/.venv/lib/python3.12/site-packages/dbt/cli/requires.py", line 128, in wrapper
    return func(*args, **kwargs)
           ^^^^^^^^^^^^^^^^^^^^^
  File "/Users/samykhebbeb/github_analytics/.venv/lib/python3.12/site-packages/dbt/cli/main.py", line 420, in debug
    results = task.run()
              ^^^^^^^^^^
  File "/Users/samykhebbeb/github_analytics/.venv/lib/python3.12/site-packages/dbt/task/debug.py", line 114, in run
    load_profile_status: SubtaskStatus = self._load_profile()
                                         ^^^^^^^^^^^^^^^^^^^^
  File "/Users/samykhebbeb/github_analytics/.venv/lib/python3.12/site-packages/dbt/task/debug.py", line 205, in _load_profile
    profile: Profile = Profile.render(
                       ^^^^^^^^^^^^^^^
  File "/Users/samykhebbeb/github_analytics/.venv/lib/python3.12/site-packages/dbt/config/profile.py", line 404, in render
    return cls.from_raw_profiles(
           ^^^^^^^^^^^^^^^^^^^^^^
  File "/Users/samykhebbeb/github_analytics/.venv/lib/python3.12/site-packages/dbt/config/profile.py", line 370, in from_raw_profiles
    return cls.from_raw_profile_info(
           ^^^^^^^^^^^^^^^^^^^^^^^^^^
  File "/Users/samykhebbeb/github_analytics/.venv/lib/python3.12/site-packages/dbt/config/profile.py", line 316, in from_raw_profile_info
    target_name, profile_data = cls.render_profile(
                                ^^^^^^^^^^^^^^^^^^^
  File "/Users/samykhebbeb/github_analytics/.venv/lib/python3.12/site-packages/dbt/config/profile.py", line 275, in render_profile
    elif "target" in raw_profile:
         ^^^^^^^^^^^^^^^^^^^^^^^
TypeError: argument of type 'int' is not iterable

[0m11:25:58.431855 [debug] [MainThread]: Resource report: {"command_name": "debug", "command_success": false, "command_wall_clock_time": 0.2121933, "process_in_blocks": "0", "process_kernel_time": 0.577702, "process_mem_max_rss": "97280000", "process_out_blocks": "0", "process_user_time": 2.572078}
[0m11:25:58.433168 [debug] [MainThread]: Command `dbt debug` failed at 11:25:58.432906 after 0.21 seconds
[0m11:25:58.439904 [debug] [MainThread]: Sending event: {'category': 'dbt', 'action': 'invocation', 'label': 'end', 'context': [<snowplow_tracker.self_describing_json.SelfDescribingJson object at 0x10a885400>, <snowplow_tracker.self_describing_json.SelfDescribingJson object at 0x10ab93ad0>, <snowplow_tracker.self_describing_json.SelfDescribingJson object at 0x10adc0470>]}
[0m11:25:58.440833 [debug] [MainThread]: Flushing usage events
[0m11:25:59.010402 [debug] [MainThread]: An error was encountered while trying to flush usage events
[0m11:29:36.253174 [debug] [MainThread]: Sending event: {'category': 'dbt', 'action': 'invocation', 'label': 'start', 'context': [<snowplow_tracker.self_describing_json.SelfDescribingJson object at 0x10ccb50a0>, <snowplow_tracker.self_describing_json.SelfDescribingJson object at 0x10d778cb0>, <snowplow_tracker.self_describing_json.SelfDescribingJson object at 0x10d778950>]}


============================== 11:29:36.260519 | f4002f93-0382-436f-85a2-d8181a74ab6d ==============================
[0m11:29:36.260519 [info ] [MainThread]: Running with dbt=1.11.6
[0m11:29:36.261463 [debug] [MainThread]: running dbt with arguments {'no_print': 'None', 'log_path': 'logs', 'warn_error': 'None', 'partial_parse': 'True', 'quiet': 'False', 'profiles_dir': '/Users/samykhebbeb/.dbt', 'log_cache_events': 'False', 'debug': 'False', 'fail_fast': 'False', 'target_path': 'None', 'static_parser': 'True', 'send_anonymous_usage_stats': 'True', 'write_json': 'True', 'empty': 'None', 'log_format': 'default', 'warn_error_options': 'WarnErrorOptionsV2(error=[], warn=[], silence=[])', 'use_colors': 'True', 'printer_width': '80', 'invocation_command': 'dbt debug', 'cache_selected_only': 'False', 'indirect_selection': 'eager', 'use_experimental_parser': 'False', 'introspect': 'True', 'version_check': 'True'}
[0m11:29:36.291842 [info ] [MainThread]: dbt version: 1.11.6
[0m11:29:36.292845 [info ] [MainThread]: python version: 3.12.0
[0m11:29:36.293586 [info ] [MainThread]: python path: /Users/samykhebbeb/github_analytics/.venv/bin/python3.12
[0m11:29:36.294187 [info ] [MainThread]: os info: macOS-14.8.3-x86_64-i386-64bit
[0m11:29:36.605747 [info ] [MainThread]: Using profiles dir at /Users/samykhebbeb/.dbt
[0m11:29:36.606543 [info ] [MainThread]: Using profiles.yml file at /Users/samykhebbeb/.dbt/profiles.yml
[0m11:29:36.607192 [info ] [MainThread]: Using dbt_project.yml file at /Users/samykhebbeb/github_analytics/dbt_project.yml
[0m11:29:36.609988 [info ] [MainThread]: adapter type: duckdb
[0m11:29:36.610639 [info ] [MainThread]: adapter version: 1.10.1
[0m11:29:36.611328 [info ] [MainThread]: Configuration:
[0m11:29:36.612508 [info ] [MainThread]:   profiles.yml file [[32mOK found and valid[0m]
[0m11:29:36.615309 [info ] [MainThread]:   dbt_project.yml file [[31mERROR not found[0m]
[0m11:29:36.616353 [info ] [MainThread]: Required dependencies:
[0m11:29:36.617385 [debug] [MainThread]: Executing "git --help"
[0m11:29:36.643501 [debug] [MainThread]: STDOUT: "b"usage: git [-v | --version] [-h | --help] [-C <path>] [-c <name>=<value>]\n           [--exec-path[=<path>]] [--html-path] [--man-path] [--info-path]\n           [-p | --paginate | -P | --no-pager] [--no-replace-objects] [--no-lazy-fetch]\n           [--no-optional-locks] [--no-advice] [--bare] [--git-dir=<path>]\n           [--work-tree=<path>] [--namespace=<name>] [--config-env=<name>=<envvar>]\n           <command> [<args>]\n\nThese are common Git commands used in various situations:\n\nstart a working area (see also: git help tutorial)\n   clone      Clone a repository into a new directory\n   init       Create an empty Git repository or reinitialize an existing one\n\nwork on the current change (see also: git help everyday)\n   add        Add file contents to the index\n   mv         Move or rename a file, a directory, or a symlink\n   restore    Restore working tree files\n   rm         Remove files from the working tree and from the index\n\nexamine the history and state (see also: git help revisions)\n   bisect     Use binary search to find the commit that introduced a bug\n   diff       Show changes between commits, commit and working tree, etc\n   grep       Print lines matching a pattern\n   log        Show commit logs\n   show       Show various types of objects\n   status     Show the working tree status\n\ngrow, mark and tweak your common history\n   backfill   Download missing objects in a partial clone\n   branch     List, create, or delete branches\n   commit     Record changes to the repository\n   merge      Join two or more development histories together\n   rebase     Reapply commits on top of another base tip\n   reset      Set `HEAD` or the index to a known state\n   switch     Switch branches\n   tag        Create, list, delete or verify tags\n\ncollaborate (see also: git help workflows)\n   fetch      Download objects and refs from another repository\n   pull       Fetch from and integrate with another repository or a local branch\n   push       Update remote refs along with associated objects\n\n'git help -a' and 'git help -g' list available subcommands and some\nconcept guides. See 'git help <command>' or 'git help <concept>'\nto read about a specific subcommand or concept.\nSee 'git help git' for an overview of the system.\n""
[0m11:29:36.644974 [debug] [MainThread]: STDERR: "b''"
[0m11:29:36.645715 [info ] [MainThread]:  - git [[32mOK found[0m]

[0m11:29:36.648842 [info ] [MainThread]: Connection:
[0m11:29:36.650199 [info ] [MainThread]:   database: github_analytics
[0m11:29:36.650969 [info ] [MainThread]:   schema: main
[0m11:29:36.652261 [info ] [MainThread]:   path: github_analytics.duckdb
[0m11:29:36.653569 [info ] [MainThread]:   config_options: None
[0m11:29:36.654375 [info ] [MainThread]:   extensions: None
[0m11:29:36.655123 [info ] [MainThread]:   settings: {}
[0m11:29:36.655766 [info ] [MainThread]:   external_root: .
[0m11:29:36.656565 [info ] [MainThread]:   use_credential_provider: None
[0m11:29:36.657287 [info ] [MainThread]:   attach: None
[0m11:29:36.658811 [info ] [MainThread]:   filesystems: None
[0m11:29:36.659716 [info ] [MainThread]:   remote: None
[0m11:29:36.660454 [info ] [MainThread]:   plugins: None
[0m11:29:36.661482 [info ] [MainThread]:   disable_transactions: False
[0m11:29:36.663795 [info ] [MainThread]: Registered adapter: duckdb=1.10.1
[0m11:29:37.307830 [debug] [MainThread]: Acquiring new duckdb connection 'debug'
[0m11:29:37.381637 [debug] [MainThread]: Using duckdb connection "debug"
[0m11:29:37.382279 [debug] [MainThread]: On debug: select 1 as id
[0m11:29:37.382873 [debug] [MainThread]: Opening a new connection, currently in state init
[0m11:29:37.410270 [debug] [MainThread]: SQL status: OK in 0.027 seconds
[0m11:29:37.411927 [debug] [MainThread]: On debug: Close
[0m11:29:37.412866 [info ] [MainThread]:   Connection test: [[32mOK connection ok[0m]

[0m11:29:37.413837 [info ] [MainThread]: [31m1 check failed:[0m
[0m11:29:37.414631 [info ] [MainThread]: Project loading failed for the following reason:
 project path </Users/samykhebbeb/github_analytics/dbt_project.yml> not found

[0m11:29:37.417880 [debug] [MainThread]: Resource report: {"command_name": "debug", "command_success": false, "command_wall_clock_time": 1.2924674, "process_in_blocks": "0", "process_kernel_time": 0.651457, "process_mem_max_rss": "117661696", "process_out_blocks": "0", "process_user_time": 2.788251}
[0m11:29:37.422340 [debug] [MainThread]: Command `dbt debug` failed at 11:29:37.419300 after 1.29 seconds
[0m11:29:37.423386 [debug] [MainThread]: Connection 'debug' was properly closed.
[0m11:29:37.424315 [debug] [MainThread]: Sending event: {'category': 'dbt', 'action': 'invocation', 'label': 'end', 'context': [<snowplow_tracker.self_describing_json.SelfDescribingJson object at 0x10d9489e0>, <snowplow_tracker.self_describing_json.SelfDescribingJson object at 0x10d948dd0>, <snowplow_tracker.self_describing_json.SelfDescribingJson object at 0x10d8b5ac0>]}
[0m11:29:37.435066 [debug] [MainThread]: Flushing usage events
[0m11:29:37.954845 [debug] [MainThread]: An error was encountered while trying to flush usage events
[0m13:12:12.949936 [debug] [MainThread]: Sending event: {'category': 'dbt', 'action': 'invocation', 'label': 'start', 'context': [<snowplow_tracker.self_describing_json.SelfDescribingJson object at 0x110fa7bc0>, <snowplow_tracker.self_describing_json.SelfDescribingJson object at 0x114979280>, <snowplow_tracker.self_describing_json.SelfDescribingJson object at 0x114978fe0>]}


============================== 13:12:12.959312 | 9c68ca64-cf7d-46f2-9cbe-738019bc1c06 ==============================
[0m13:12:12.959312 [info ] [MainThread]: Running with dbt=1.11.6
[0m13:12:12.961029 [debug] [MainThread]: running dbt with arguments {'write_json': 'True', 'fail_fast': 'False', 'quiet': 'False', 'partial_parse': 'True', 'target_path': 'None', 'introspect': 'True', 'printer_width': '80', 'use_experimental_parser': 'False', 'send_anonymous_usage_stats': 'True', 'profiles_dir': '/Users/samykhebbeb/.dbt', 'cache_selected_only': 'False', 'warn_error': 'None', 'log_format': 'default', 'log_path': 'logs', 'version_check': 'True', 'empty': 'None', 'warn_error_options': 'WarnErrorOptionsV2(error=[], warn=[], silence=[])', 'invocation_command': 'dbt show --inline select count(*) as nb from bronze.raw_repositories', 'indirect_selection': 'eager', 'static_parser': 'True', 'use_colors': 'True', 'debug': 'False', 'no_print': 'None', 'log_cache_events': 'False'}
[0m13:12:12.962179 [error] [MainThread]: Encountered an error:
Runtime Error
  No dbt_project.yml found at expected path /Users/samykhebbeb/github_analytics/dbt_project.yml
  Verify that each entry within packages.yml (and their transitive dependencies) contains a file named dbt_project.yml
  
[0m13:12:12.967135 [debug] [MainThread]: Resource report: {"command_name": "show", "command_success": false, "command_wall_clock_time": 0.20589119, "process_in_blocks": "0", "process_kernel_time": 0.610774, "process_mem_max_rss": "96374784", "process_out_blocks": "0", "process_user_time": 2.62798}
[0m13:12:12.968298 [debug] [MainThread]: Command `dbt show` failed at 13:12:12.968091 after 0.21 seconds
[0m13:12:12.969050 [debug] [MainThread]: Sending event: {'category': 'dbt', 'action': 'invocation', 'label': 'end', 'context': [<snowplow_tracker.self_describing_json.SelfDescribingJson object at 0x113f829f0>, <snowplow_tracker.self_describing_json.SelfDescribingJson object at 0x11479f020>, <snowplow_tracker.self_describing_json.SelfDescribingJson object at 0x114979310>]}
[0m13:12:12.969937 [debug] [MainThread]: Flushing usage events
[0m13:12:13.506376 [debug] [MainThread]: An error was encountered while trying to flush usage events
